// Jest Snapshot v1, https://goo.gl/fbAQLP

exports[`CreateInventory should match snapshot 1`] = `
<View
  style={
    {
      "backgroundColor": "#f9f9f9",
      "flex": 1,
      "padding": 20,
    }
  }
>
  <TextInput
    onChangeText={[Function]}
    placeholder="Name"
    style={
      {
        "backgroundColor": "#fff",
        "borderColor": "#ccc",
        "borderRadius": 8,
        "borderWidth": 1,
        "height": 50,
        "marginBottom": 12,
        "paddingHorizontal": 16,
      }
    }
    value=""
  />
  <TextInput
    keyboardType="numeric"
    onChangeText={[Function]}
    placeholder="Price"
    style={
      {
        "backgroundColor": "#fff",
        "borderColor": "#ccc",
        "borderRadius": 8,
        "borderWidth": 1,
        "height": 50,
        "marginBottom": 12,
        "paddingHorizontal": 16,
      }
    }
    value=""
  />
  <TextInput
    keyboardType="numeric"
    onChangeText={[Function]}
    placeholder="Total Stock"
    style={
      {
        "backgroundColor": "#fff",
        "borderColor": "#ccc",
        "borderRadius": 8,
        "borderWidth": 1,
        "height": 50,
        "marginBottom": 12,
        "paddingHorizontal": 16,
      }
    }
    value=""
  />
  <TextInput
    multiline={true}
    onChangeText={[Function]}
    placeholder="Description"
    style={
      {
        "backgroundColor": "#fff",
        "borderColor": "#ccc",
        "borderRadius": 8,
        "borderWidth": 1,
        "height": 50,
        "marginBottom": 12,
        "paddingHorizontal": 16,
      }
    }
    value=""
  />
  <View
    accessibilityState={
      {
        "busy": undefined,
        "checked": undefined,
        "disabled": undefined,
        "expanded": undefined,
        "selected": undefined,
      }
    }
    accessibilityValue={
      {
        "max": undefined,
        "min": undefined,
        "now": undefined,
        "text": undefined,
      }
    }
    accessible={true}
    collapsable={false}
    focusable={true}
    onClick={[Function]}
    onResponderGrant={[Function]}
    onResponderMove={[Function]}
    onResponderRelease={[Function]}
    onResponderTerminate={[Function]}
    onResponderTerminationRequest={[Function]}
    onStartShouldSetResponder={[Function]}
    style={
      {
        "alignItems": "center",
        "backgroundColor": "#2196F3",
        "borderRadius": 8,
        "marginTop": 16,
        "opacity": 1,
        "paddingHorizontal": 24,
        "paddingVertical": 12,
      }
    }
  >
    <Text
      style={
        {
          "color": "#fff",
          "fontSize": 18,
          "fontWeight": "bold",
        }
      }
    >
      Save
    </Text>
  </View>
</View>
`;
